  growth block 100/831
  growth block 200/831
  growth block 300/831
  growth block 400/831
  growth block 500/831
Traceback (most recent call last):
  File "/Users/eha/Desktop/financial-news-platform/venv/lib/python3.13/site-packages/sqlalchemy/engine/base.py", line 1141, in _commit_impl
    self.engine.dialect.do_commit(self.connection)
    ~~~~~~~~~~~~~~~~~~~~~~~~~~~~~^^^^^^^^^^^^^^^^^
  File "/Users/eha/Desktop/financial-news-platform/venv/lib/python3.13/site-packages/sqlalchemy/engine/default.py", line 706, in do_commit
    dbapi_connection.commit()
    ~~~~~~~~~~~~~~~~~~~~~~~^^
psycopg2.OperationalError: server closed the connection unexpectedly
	This probably means the server terminated abnormally
	before or while processing the request.
server closed the connection unexpectedly
	This probably means the server terminated abnormally
	before or while processing the request.


The above exception was the direct cause of the following exception:

Traceback (most recent call last):
  File "/Users/eha/Desktop/financial-news-platform/pipeline/fmp_quarterly.py", line 220, in <module>
    refresh_growth_block(get_engine(), syms)
    ~~~~~~~~~~~~~~~~~~~~^^^^^^^^^^^^^^^^^^^^
  File "/Users/eha/Desktop/financial-news-platform/pipeline/fmp_quarterly.py", line 201, in refresh_growth_block
    with engine.begin() as conn:
         ~~~~~~~~~~~~^^
  File "/opt/homebrew/Cellar/python@3.13/3.13.5/Frameworks/Python.framework/Versions/3.13/lib/python3.13/contextlib.py", line 148, in __exit__
    next(self.gen)
    ~~~~^^^^^^^^^^
  File "/Users/eha/Desktop/financial-news-platform/venv/lib/python3.13/site-packages/sqlalchemy/engine/base.py", line 3238, in begin
    with conn.begin():
         ~~~~~~~~~~^^
  File "/Users/eha/Desktop/financial-news-platform/venv/lib/python3.13/site-packages/sqlalchemy/engine/util.py", line 147, in __exit__
    with util.safe_reraise():
         ~~~~~~~~~~~~~~~~~^^
  File "/Users/eha/Desktop/financial-news-platform/venv/lib/python3.13/site-packages/sqlalchemy/util/langhelpers.py", line 224, in __exit__
    raise exc_value.with_traceback(exc_tb)
  File "/Users/eha/Desktop/financial-news-platform/venv/lib/python3.13/site-packages/sqlalchemy/engine/util.py", line 145, in __exit__
    self.commit()
    ~~~~~~~~~~~^^
  File "/Users/eha/Desktop/financial-news-platform/venv/lib/python3.13/site-packages/sqlalchemy/engine/base.py", line 2628, in commit
    self._do_commit()
    ~~~~~~~~~~~~~~~^^
  File "/Users/eha/Desktop/financial-news-platform/venv/lib/python3.13/site-packages/sqlalchemy/engine/base.py", line 2733, in _do_commit
    self._connection_commit_impl()
    ~~~~~~~~~~~~~~~~~~~~~~~~~~~~^^
  File "/Users/eha/Desktop/financial-news-platform/venv/lib/python3.13/site-packages/sqlalchemy/engine/base.py", line 2704, in _connection_commit_impl
    self.connection._commit_impl()
    ~~~~~~~~~~~~~~~~~~~~~~~~~~~~^^
  File "/Users/eha/Desktop/financial-news-platform/venv/lib/python3.13/site-packages/sqlalchemy/engine/base.py", line 1143, in _commit_impl
    self._handle_dbapi_exception(e, None, None, None, None)
    ~~~~~~~~~~~~~~~~~~~~~~~~~~~~^^^^^^^^^^^^^^^^^^^^^^^^^^^
  File "/Users/eha/Desktop/financial-news-platform/venv/lib/python3.13/site-packages/sqlalchemy/engine/base.py", line 2351, in _handle_dbapi_exception
    raise sqlalchemy_exception.with_traceback(exc_info[2]) from e
  File "/Users/eha/Desktop/financial-news-platform/venv/lib/python3.13/site-packages/sqlalchemy/engine/base.py", line 1141, in _commit_impl
    self.engine.dialect.do_commit(self.connection)
    ~~~~~~~~~~~~~~~~~~~~~~~~~~~~~^^^^^^^^^^^^^^^^^
  File "/Users/eha/Desktop/financial-news-platform/venv/lib/python3.13/site-packages/sqlalchemy/engine/default.py", line 706, in do_commit
    dbapi_connection.commit()
    ~~~~~~~~~~~~~~~~~~~~~~~^^
sqlalchemy.exc.OperationalError: (psycopg2.OperationalError) server closed the connection unexpectedly
	This probably means the server terminated abnormally
	before or while processing the request.
server closed the connection unexpectedly
	This probably means the server terminated abnormally
	before or while processing the request.

(Background on this error at: https://sqlalche.me/e/20/e3q8)
