  [1/827] A... 20 quarters stored (back to 2021-10-31)
  [2/827] AA... 20 quarters stored (back to 2021-09-30)
  [3/827] AAL... 20 quarters stored (back to 2021-09-30)
  [4/827] AAON... 20 quarters stored (back to 2021-09-30)
  [5/827] AAPL... 20 quarters stored (back to 2021-09-25)
  [6/827] ABBV... 20 quarters stored (back to 2021-09-30)
  [7/827] ABNB... 20 quarters stored (back to 2021-09-30)
  [8/827] ABT... 20 quarters stored (back to 2021-09-30)
  [9/827] ACGL... 20 quarters stored (back to 2021-09-30)
  [10/827] ACM... 20 quarters stored (back to 2021-09-30)
  [11/827] ACN... 20 quarters stored (back to 2021-08-31)
  [12/827] ADBE... 20 quarters stored (back to 2021-09-03)
  [13/827] ADC... 20 quarters stored (back to 2021-09-30)
  [14/827] ADI... 20 quarters stored (back to 2021-10-30)
  [15/827] ADM... 20 quarters stored (back to 2021-09-30)
  [16/827] ADP... 20 quarters stored (back to 2021-09-30)
  [17/827] ADSK... 20 quarters stored (back to 2021-10-31)
  [18/827] AEE... 20 quarters stored (back to 2021-09-30)
  [19/827] AEIS... 20 quarters stored (back to 2021-09-30)
  [20/827] AEP... 20 quarters stored (back to 2021-09-30)
  [21/827] AES... 20 quarters stored (back to 2021-09-30)
  [22/827] AFG... 20 quarters stored (back to 2021-09-30)
  [23/827] AFL... 20 quarters stored (back to 2021-09-30)
  [24/827] AHR... 19 quarters stored (back to 2021-12-31)
  [25/827] AIG... 20 quarters stored (back to 2021-09-30)
  [26/827] AIT... 20 quarters stored (back to 2021-09-30)
  [27/827] AIZ... 20 quarters stored (back to 2021-09-30)
  [28/827] AJG... 20 quarters stored (back to 2021-09-30)
  [29/827] AKAM... 20 quarters stored (back to 2021-09-30)
  [30/827] ALB... 20 quarters stored (back to 2021-09-30)
  [31/827] ALGM... 20 quarters stored (back to 2021-09-24)
  [32/827] ALGN... 20 quarters stored (back to 2021-09-30)
  [33/827] ALL... 20 quarters stored (back to 2021-09-30)
  [34/827] ALLE... 20 quarters stored (back to 2021-09-30)
  [35/827] ALLY... 20 quarters stored (back to 2021-09-30)
  [36/827] ALSN... 20 quarters stored (back to 2021-09-30)
  [37/827] ALV... 20 quarters stored (back to 2021-09-30)
  [38/827] AM... 20 quarters stored (back to 2021-09-30)
  [39/827] AMAT... 20 quarters stored (back to 2021-10-31)
  [40/827] AMCR... 20 quarters stored (back to 2021-09-30)
  [41/827] AMD... 20 quarters stored (back to 2021-09-25)
  [42/827] AME... 20 quarters stored (back to 2021-09-30)
  [43/827] AMG... 20 quarters stored (back to 2021-09-30)
  [44/827] AMGN... 20 quarters stored (back to 2021-09-30)
  [45/827] AMH... 20 quarters stored (back to 2021-09-30)
  [46/827] AMKR... 20 quarters stored (back to 2021-09-30)
  [47/827] AMP... 20 quarters stored (back to 2021-09-30)
  [48/827] AMT... 20 quarters stored (back to 2021-09-30)
  [49/827] AMZN... 20 quarters stored (back to 2021-09-30)
  [50/827] ANET... 20 quarters stored (back to 2021-09-30)
  [51/827] AON... 20 quarters stored (back to 2021-09-30)
  [52/827] AOS... 20 quarters stored (back to 2021-09-30)
  [53/827] APA... 20 quarters stored (back to 2021-09-30)
  [54/827] APD... 20 quarters stored (back to 2021-09-30)
  [55/827] APG... 20 quarters stored (back to 2021-09-30)
  [56/827] APH... 20 quarters stored (back to 2021-09-30)
  [57/827] APO... 20 quarters stored (back to 2021-09-30)
  [58/827] APP... 20 quarters stored (back to 2021-09-30)
  [59/827] APTV... 20 quarters stored (back to 2021-09-30)
  [60/827] AR... 20 quarters stored (back to 2021-09-30)
  [61/827] ARE... 20 quarters stored (back to 2021-09-30)
  [62/827] ARM... 17 quarters stored (back to 2022-06-30)
  [63/827] ARMK... 20 quarters stored (back to 2021-10-01)
  [64/827] ARW... 20 quarters stored (back to 2021-10-02)
  [65/827] ARWR... 20 quarters stored (back to 2021-09-30)
  [66/827] ASML... 20 quarters stored (back to 2021-09-30)
  [67/827] ATI... 20 quarters stored (back to 2021-09-30)
  [68/827] ATO... 20 quarters stored (back to 2021-09-30)
  [69/827] AVB... 20 quarters stored (back to 2021-09-30)
  [70/827] AVGO... 20 quarters stored (back to 2021-10-31)
  [71/827] AVY... 20 quarters stored (back to 2021-10-02)
  [72/827] AWK... 20 quarters stored (back to 2021-09-30)
  [73/827] AXON... 20 quarters stored (back to 2021-09-30)
  [74/827] AXP... 20 quarters stored (back to 2021-09-30)
  [75/827] AYI... 20 quarters stored (back to 2021-08-31)
  [76/827] AZN... 20 quarters stored (back to 2021-09-30)
  [77/827] AZO... 20 quarters stored (back to 2021-08-28)
  [78/827] BA... 20 quarters stored (back to 2021-09-30)
  [79/827] BAC... 20 quarters stored (back to 2021-09-30)
  [80/827] BALL... 20 quarters stored (back to 2021-09-30)
  [81/827] BAX... 20 quarters stored (back to 2021-09-30)
  [82/827] BBY... 20 quarters stored (back to 2021-10-30)
  [83/827] BDX... 20 quarters stored (back to 2021-09-30)
  [84/827] BEN... 20 quarters stored (back to 2021-09-30)
  [85/827] BG... 20 quarters stored (back to 2021-09-30)
  [86/827] BIIB... 20 quarters stored (back to 2021-09-30)
  [87/827] BJ... 20 quarters stored (back to 2021-10-30)
  [88/827] BKNG... 20 quarters stored (back to 2021-09-30)
  [89/827] BKR... 20 quarters stored (back to 2021-09-30)
  [90/827] BLDR... 20 quarters stored (back to 2021-09-30)
  [91/827] BLK... 20 quarters stored (back to 2021-09-30)
  [92/827] BMRN... 20 quarters stored (back to 2021-09-30)
  [93/827] BMY... 20 quarters stored (back to 2021-09-30)
  [94/827] BNY... 20 quarters stored (back to 2016-09-30)
  [95/827] BR... 20 quarters stored (back to 2021-09-30)
  [96/827] BRK... no data
  [97/827] BRKR... 20 quarters stored (back to 2021-09-30)
  [98/827] BRO... 20 quarters stored (back to 2021-09-30)
  [99/827] BROS... 20 quarters stored (back to 2021-09-30)
  [100/827] BRX... 20 quarters stored (back to 2021-09-30)
  [101/827] BSX... 20 quarters stored (back to 2021-09-30)
  [102/827] BSY... 20 quarters stored (back to 2021-09-30)
  [103/827] BURL... 20 quarters stored (back to 2021-10-30)
  [104/827] BWA... 20 quarters stored (back to 2021-09-30)
  [105/827] BWXT... 20 quarters stored (back to 2021-09-30)
  [106/827] BX... 20 quarters stored (back to 2021-09-30)
  [107/827] BXP... 20 quarters stored (back to 2021-09-30)
  [108/827] C... 20 quarters stored (back to 2021-09-30)
  [109/827] CACI... 20 quarters stored (back to 2021-09-30)
  [110/827] CAG... 20 quarters stored (back to 2021-08-29)
  [111/827] CAH... 20 quarters stored (back to 2021-09-30)
  [112/827] CARR... 20 quarters stored (back to 2021-09-30)
  [113/827] CART... 20 quarters stored (back to 2021-09-30)
  [114/827] CAT... 20 quarters stored (back to 2021-09-30)
  [115/827] CAVA... 19 quarters stored (back to 2021-12-31)
  [116/827] CB... 20 quarters stored (back to 2021-09-30)
  [117/827] CBOE... 20 quarters stored (back to 2021-09-30)
  [118/827] CBRE... 20 quarters stored (back to 2021-09-30)
  [119/827] CBSH... 20 quarters stored (back to 2021-09-30)
  [120/827] CCEP... 20 quarters stored (back to 2016-12-31)
  [121/827] CCI... 20 quarters stored (back to 2021-09-30)
  [122/827] CCK... 20 quarters stored (back to 2021-09-30)
  [123/827] CCL... 20 quarters stored (back to 2021-08-31)
  [124/827] CDE... 20 quarters stored (back to 2021-09-30)
  [125/827] CDNS... 20 quarters stored (back to 2021-10-02)
  [126/827] CDW... 20 quarters stored (back to 2021-09-30)
  [127/827] CEG... 20 quarters stored (back to 2021-09-30)
  [128/827] CF... 20 quarters stored (back to 2021-09-30)
  [129/827] CFG... 20 quarters stored (back to 2021-09-30)
  [130/827] CFR... 20 quarters stored (back to 2021-09-30)
  [131/827] CG... 20 quarters stored (back to 2021-09-30)
  [132/827] CGNX... 20 quarters stored (back to 2021-10-03)
  [133/827] CHD... 20 quarters stored (back to 2021-09-30)
  [134/827] CHRW... 20 quarters stored (back to 2021-09-30)
  [135/827] CHTR... 20 quarters stored (back to 2021-09-30)
  [136/827] CHWY... 20 quarters stored (back to 2021-08-01)
  [137/827] CI... 20 quarters stored (back to 2021-09-30)
  [138/827] CINF... 20 quarters stored (back to 2021-09-30)
  [139/827] CL... 20 quarters stored (back to 2021-09-30)
  [140/827] CLH... 20 quarters stored (back to 2021-09-30)
  [141/827] CLX... 20 quarters stored (back to 2021-09-30)
  [142/827] CMCSA... 20 quarters stored (back to 2021-09-30)
  [143/827] CME... 20 quarters stored (back to 2021-09-30)
  [144/827] CMG... 20 quarters stored (back to 2021-09-30)
  [145/827] CMI... 20 quarters stored (back to 2021-10-03)
  [146/827] CMS... 20 quarters stored (back to 2021-09-30)
  [147/827] CNC... 20 quarters stored (back to 2021-09-30)
  [148/827] CNH... 20 quarters stored (back to 2021-09-30)
  [149/827] CNM... 20 quarters stored (back to 2021-08-01)
  [150/827] CNP... 20 quarters stored (back to 2021-09-30)
  [151/827] COF... 20 quarters stored (back to 2021-09-30)
  [152/827] COIN... 20 quarters stored (back to 2021-09-30)
  [153/827] COKE... 20 quarters stored (back to 2021-10-01)
  [154/827] COLB... 20 quarters stored (back to 2021-09-30)
  [155/827] COO... 20 quarters stored (back to 2021-07-31)
  [156/827] COP... 20 quarters stored (back to 2021-09-30)
  [157/827] COR... 20 quarters stored (back to 2021-09-30)
  [158/827] COST... 20 quarters stored (back to 2021-08-31)
  [159/827] CPAY... 20 quarters stored (back to 2021-09-30)
  [160/827] CPB... 20 quarters stored (back to 2021-10-31)
  [161/827] CPRT... 20 quarters stored (back to 2021-07-31)
  [162/827] CPT... 20 quarters stored (back to 2021-09-30)
  [163/827] CR... 20 quarters stored (back to 2021-09-30)
  [164/827] CRBG... 20 quarters stored (back to 2021-09-30)
  [165/827] CRL... 20 quarters stored (back to 2021-09-25)
  [166/827] CRM... 20 quarters stored (back to 2021-10-31)
  [167/827] CRS... 20 quarters stored (back to 2021-09-30)
  [168/827] CRWD... 20 quarters stored (back to 2021-10-31)
  [169/827] CSCO... 20 quarters stored (back to 2021-10-30)
  [170/827] CSGP... 20 quarters stored (back to 2021-09-30)
  [171/827] CSL... 20 quarters stored (back to 2021-09-30)
  [172/827] CSX... 20 quarters stored (back to 2021-09-30)
  [173/827] CTAS... 20 quarters stored (back to 2021-08-31)
  [174/827] CTRE... 20 quarters stored (back to 2021-09-30)
  [175/827] CTSH... 20 quarters stored (back to 2021-09-30)
  [176/827] CTVA... 20 quarters stored (back to 2021-09-30)
  [177/827] CUBE... 20 quarters stored (back to 2021-09-30)
  [178/827] CVS... 20 quarters stored (back to 2021-09-30)
  [179/827] CVX... 20 quarters stored (back to 2021-09-30)
  [180/827] CW... 20 quarters stored (back to 2021-09-30)
  [181/827] CYTK... 20 quarters stored (back to 2021-09-30)
  [182/827] CZR... 20 quarters stored (back to 2021-09-30)
  [183/827] D... 20 quarters stored (back to 2021-09-30)
  [184/827] DAL... 20 quarters stored (back to 2021-09-30)
  [185/827] DAR... 20 quarters stored (back to 2021-10-02)
  [186/827] DASH... 20 quarters stored (back to 2021-09-30)
  [187/827] DCI... 20 quarters stored (back to 2021-10-31)
  [188/827] DD... 20 quarters stored (back to 2021-09-30)
  [189/827] DDOG... 20 quarters stored (back to 2021-09-30)
  [190/827] DE... 20 quarters stored (back to 2021-10-31)
  [191/827] DECK... 20 quarters stored (back to 2021-09-30)
  [192/827] DELL... 20 quarters stored (back to 2021-10-29)
  [193/827] DG... 20 quarters stored (back to 2021-10-29)
  [194/827] DGX... 20 quarters stored (back to 2021-09-30)
  [195/827] DHI... 20 quarters stored (back to 2021-09-30)
  [196/827] DHR... 20 quarters stored (back to 2021-10-01)
  [197/827] DINO... 20 quarters stored (back to 2021-09-30)
  [198/827] DIS... 20 quarters stored (back to 2021-09-30)
  [199/827] DKS... 20 quarters stored (back to 2021-10-30)
  [200/827] DLR... 20 quarters stored (back to 2021-09-30)
  [201/827] DLTR... 20 quarters stored (back to 2021-10-30)
  [202/827] DOC... 20 quarters stored (back to 2021-09-30)
  [203/827] DOCN... 20 quarters stored (back to 2021-09-30)
  [204/827] DOCU... 20 quarters stored (back to 2021-10-31)
  [205/827] DOV... 20 quarters stored (back to 2021-09-30)
  [206/827] DOW... 20 quarters stored (back to 2021-09-30)
  [207/827] DPZ... 20 quarters stored (back to 2021-09-12)
  [208/827] DRI... 20 quarters stored (back to 2021-08-29)
  [209/827] DT... 20 quarters stored (back to 2021-09-30)
  [210/827] DTE... 20 quarters stored (back to 2021-09-30)
  [211/827] DTM... 20 quarters stored (back to 2021-09-30)
  [212/827] DUK... 20 quarters stored (back to 2021-09-30)
  [213/827] DVA... 20 quarters stored (back to 2021-09-30)
  [214/827] DVN... 20 quarters stored (back to 2021-09-30)
  [215/827] DXCM... 20 quarters stored (back to 2021-09-30)
  [216/827] DY... 20 quarters stored (back to 2021-10-30)
  [217/827] EA... 20 quarters stored (back to 2021-09-30)
  [218/827] EBAY... 20 quarters stored (back to 2021-09-30)
  [219/827] ECL... 20 quarters stored (back to 2021-09-30)
  [220/827] ED... 20 quarters stored (back to 2021-09-30)
  [221/827] EFX... 20 quarters stored (back to 2021-09-30)
  [222/827] EG... 20 quarters stored (back to 2021-09-30)
  [223/827] EGP... 20 quarters stored (back to 2021-09-30)
  [224/827] EHC... 20 quarters stored (back to 2021-09-30)
  [225/827] EIX... 20 quarters stored (back to 2021-09-30)
  [226/827] EL... 20 quarters stored (back to 2021-09-30)
  [227/827] ELAN... 20 quarters stored (back to 2021-09-30)
  [228/827] ELS... 20 quarters stored (back to 2021-09-30)
  [229/827] ELV... 20 quarters stored (back to 2021-09-30)
  [230/827] EMN... 20 quarters stored (back to 2021-09-30)
  [231/827] EMR... 20 quarters stored (back to 2021-09-30)
  [232/827] ENPH... 20 quarters stored (back to 2021-09-30)
  [233/827] ENSG... 20 quarters stored (back to 2021-09-30)
  [234/827] ENTG... 20 quarters stored (back to 2021-10-02)
  [235/827] EOG... 20 quarters stored (back to 2021-09-30)
  [236/827] EPAM... 20 quarters stored (back to 2021-09-30)
  [237/827] EQH... 20 quarters stored (back to 2021-09-30)
  [238/827] EQIX... 20 quarters stored (back to 2021-09-30)
  [239/827] EQR... 20 quarters stored (back to 2021-09-30)
  [240/827] EQT... 20 quarters stored (back to 2021-09-30)
  [241/827] ERIE... 20 quarters stored (back to 2021-09-30)
  [242/827] ES... 20 quarters stored (back to 2021-09-30)
  [243/827] ESS... 20 quarters stored (back to 2021-09-30)
  [244/827] ETN... 20 quarters stored (back to 2021-09-30)
  [245/827] ETR... 20 quarters stored (back to 2021-09-30)
  [246/827] EVR... 20 quarters stored (back to 2021-09-30)
  [247/827] EVRG... 20 quarters stored (back to 2021-09-30)
  [248/827] EW... 20 quarters stored (back to 2021-09-30)
  [249/827] EWBC... 20 quarters stored (back to 2021-09-30)
  [250/827] EXC... 20 quarters stored (back to 2021-09-30)
  [251/827] EXE... 20 quarters stored (back to 2021-09-30)
  [252/827] EXEL... 20 quarters stored (back to 2021-10-01)
  [253/827] EXPD... 20 quarters stored (back to 2021-09-30)
  [254/827] EXPE... 20 quarters stored (back to 2021-09-30)
  [255/827] EXR... 20 quarters stored (back to 2021-09-30)
  [256/827] F... 20 quarters stored (back to 2021-09-30)
  [257/827] FANG... 20 quarters stored (back to 2021-09-30)
  [258/827] FAST... 20 quarters stored (back to 2021-09-30)
  [259/827] FCFS... 20 quarters stored (back to 2021-09-30)
  [260/827] FCX... 20 quarters stored (back to 2021-09-30)
  [261/827] FDS... 20 quarters stored (back to 2021-08-31)
  [262/827] FDX... 20 quarters stored (back to 2021-08-31)
  [263/827] FE... 20 quarters stored (back to 2021-09-30)
  [264/827] FFIV... 20 quarters stored (back to 2021-09-30)
  [265/827] FHN... 20 quarters stored (back to 2021-09-30)
  [266/827] FICO... 20 quarters stored (back to 2021-09-30)
  [267/827] FIS... 20 quarters stored (back to 2021-09-30)
  [268/827] FITB... 20 quarters stored (back to 2021-09-30)
  [269/827] FIVE... 20 quarters stored (back to 2021-10-30)
  [270/827] FLS... 20 quarters stored (back to 2021-09-30)
  [271/827] FN... 20 quarters stored (back to 2021-09-24)
  [272/827] FNF... 20 quarters stored (back to 2021-09-30)
  [273/827] FOX... 20 quarters stored (back to 2021-09-30)
  [274/827] FOXA... 20 quarters stored (back to 2021-09-30)
  [275/827] FR... 20 quarters stored (back to 2021-09-30)
  [276/827] FRT... 20 quarters stored (back to 2021-09-30)
  [277/827] FSLR... 20 quarters stored (back to 2021-09-30)
  [278/827] FTI... 20 quarters stored (back to 2021-09-30)
  [279/827] FTNT... 20 quarters stored (back to 2021-09-30)
  [280/827] FTV... 20 quarters stored (back to 2021-10-01)
  [281/827] GD... 20 quarters stored (back to 2021-10-03)
  [282/827] GDDY... 20 quarters stored (back to 2021-09-30)
  [283/827] GE... 20 quarters stored (back to 2021-09-30)
  [284/827] GEHC... 20 quarters stored (back to 2021-09-30)
  [285/827] GEN... 20 quarters stored (back to 2021-09-30)
  [286/827] GEV... 14 quarters stored (back to 2023-03-31)
  [287/827] GFS... 20 quarters stored (back to 2021-09-30)
  [288/827] GGG... 20 quarters stored (back to 2021-09-24)
  [289/827] GILD... 20 quarters stored (back to 2021-09-30)
  [290/827] GIS... 20 quarters stored (back to 2021-08-29)
  [291/827] GL... 20 quarters stored (back to 2021-09-30)
  [292/827] GLPI... 20 quarters stored (back to 2021-09-30)
  [293/827] GLW... 20 quarters stored (back to 2021-09-30)
  [294/827] GM... 20 quarters stored (back to 2021-09-30)
  [295/827] GME... 20 quarters stored (back to 2021-07-31)
  [296/827] GMED... 20 quarters stored (back to 2021-09-30)
  [297/827] GNRC... 20 quarters stored (back to 2021-09-30)
  [298/827] GOOG... 20 quarters stored (back to 2021-09-30)
  [299/827] GOOGL... 20 quarters stored (back to 2021-09-30)
  [300/827] GPC... 20 quarters stored (back to 2021-09-30)
  [301/827] GPN... 20 quarters stored (back to 2021-09-30)
  [302/827] GRMN... 20 quarters stored (back to 2021-09-25)
  [303/827] GS... 20 quarters stored (back to 2021-09-30)
  [304/827] GWRE... 20 quarters stored (back to 2021-10-31)
  [305/827] GWW... 20 quarters stored (back to 2021-09-30)
  [306/827] H... 20 quarters stored (back to 2021-09-30)
  [307/827] HAL... 20 quarters stored (back to 2021-09-30)
  [308/827] HALO... 20 quarters stored (back to 2021-09-30)
  [309/827] HAS... 20 quarters stored (back to 2021-09-26)
  [310/827] HBAN... 20 quarters stored (back to 2021-09-30)
  [311/827] HCA... 20 quarters stored (back to 2021-09-30)
  [312/827] HD... 20 quarters stored (back to 2021-10-31)
  [313/827] HIG... 20 quarters stored (back to 2021-09-30)
  [314/827] HII... 20 quarters stored (back to 2021-09-30)
  [315/827] HL... 20 quarters stored (back to 2021-09-30)
  [316/827] HLI... 20 quarters stored (back to 2021-09-30)
  [317/827] HLT... 20 quarters stored (back to 2021-09-30)
  [318/827] HON... 20 quarters stored (back to 2021-09-30)
  [319/827] HPE... 20 quarters stored (back to 2021-10-31)
  [320/827] HPQ... 20 quarters stored (back to 2021-10-31)
  [321/827] HRL... 20 quarters stored (back to 2021-10-31)
  [322/827] HSIC... 20 quarters stored (back to 2021-09-25)
  [323/827] HST... 20 quarters stored (back to 2021-09-30)
  [324/827] HSY... 20 quarters stored (back to 2021-10-03)
  [325/827] HUBB... 20 quarters stored (back to 2021-09-30)
  [326/827] HUM... 20 quarters stored (back to 2021-09-30)
  [327/827] HWM... 20 quarters stored (back to 2021-09-30)
  [328/827] IBM... 20 quarters stored (back to 2021-09-30)
  [329/827] ICE... 20 quarters stored (back to 2021-09-30)
  [330/827] IDA... 20 quarters stored (back to 2021-09-30)
  [331/827] IDXX... 20 quarters stored (back to 2021-09-30)
  [332/827] IEX... 20 quarters stored (back to 2021-09-30)
  [333/827] IFF... 20 quarters stored (back to 2021-09-30)
  [334/827] ILMN... 20 quarters stored (back to 2021-10-03)
  [335/827] INCY... 20 quarters stored (back to 2021-09-30)
  [336/827] INTC... 20 quarters stored (back to 2021-09-25)
  [337/827] INTU... 20 quarters stored (back to 2021-10-31)
  [338/827] INVH... 20 quarters stored (back to 2021-09-30)
  [339/827] IP... 20 quarters stored (back to 2021-09-30)
  [340/827] IQV... 20 quarters stored (back to 2021-09-30)
  [341/827] IR... 20 quarters stored (back to 2021-09-30)
  [342/827] IRM... 20 quarters stored (back to 2021-09-30)
  [343/827] ISRG... 20 quarters stored (back to 2021-09-30)
  [344/827] IT... 20 quarters stored (back to 2021-09-30)
  [345/827] ITT... 20 quarters stored (back to 2021-10-02)
  [346/827] ITW... 20 quarters stored (back to 2021-09-30)
  [347/827] IVZ... 20 quarters stored (back to 2021-09-30)
  [348/827] J... 20 quarters stored (back to 2021-09-30)
  [349/827] JAZZ... 20 quarters stored (back to 2021-09-30)
  [350/827] JBHT... 20 quarters stored (back to 2021-09-30)
  [351/827] JBL... 20 quarters stored (back to 2021-08-31)
  [352/827] JCI... 20 quarters stored (back to 2021-09-30)
  [353/827] JEF... 20 quarters stored (back to 2021-08-31)
  [354/827] JKHY... 20 quarters stored (back to 2021-09-30)
  [355/827] JLL... 20 quarters stored (back to 2021-09-30)
  [356/827] JNJ... 20 quarters stored (back to 2021-10-03)
  [357/827] JPM... 20 quarters stored (back to 2021-09-30)
  [358/827] KDP... 20 quarters stored (back to 2021-09-30)
  [359/827] KEY... 20 quarters stored (back to 2021-09-30)
  [360/827] KEYS... 20 quarters stored (back to 2021-10-31)
  [361/827] KHC... 20 quarters stored (back to 2021-09-25)
  [362/827] KIM... 20 quarters stored (back to 2021-09-30)
  [363/827] KKR... 20 quarters stored (back to 2021-09-30)
  [364/827] KLAC... 20 quarters stored (back to 2021-09-30)
  [365/827] KMB... 20 quarters stored (back to 2021-09-30)
  [366/827] KMI... 20 quarters stored (back to 2021-09-30)
  [367/827] KMX... 20 quarters stored (back to 2021-08-31)
  [368/827] KNX... 20 quarters stored (back to 2021-09-30)
  [369/827] KO... 20 quarters stored (back to 2021-10-01)
  [370/827] KR... 20 quarters stored (back to 2021-08-14)
  [371/827] KTOS... 20 quarters stored (back to 2021-09-26)
  [372/827] KVUE... 19 quarters stored (back to 2021-12-31)
  [373/827] L... 20 quarters stored (back to 2021-09-30)
  [374/827] LAMR... 20 quarters stored (back to 2021-09-30)
  [375/827] LDOS... 20 quarters stored (back to 2021-10-01)
  [376/827] LECO... 20 quarters stored (back to 2021-09-30)
  [377/827] LEN... 20 quarters stored (back to 2021-08-31)
  [378/827] LFUS... 20 quarters stored (back to 2021-09-25)
  [379/827] LH... 20 quarters stored (back to 2021-09-30)
  [380/827] LHX... 20 quarters stored (back to 2021-10-01)
  [381/827] LII... 20 quarters stored (back to 2021-09-30)
  [382/827] LIN... 20 quarters stored (back to 2021-09-30)
  [383/827] LKQ... 20 quarters stored (back to 2021-09-30)
  [384/827] LLY... 20 quarters stored (back to 2021-09-30)
  [385/827] LMT... 20 quarters stored (back to 2021-09-26)
  [386/827] LNT... 20 quarters stored (back to 2021-09-30)
  [387/827] LOW... 20 quarters stored (back to 2021-10-29)
  [388/827] LRCX... 20 quarters stored (back to 2021-09-26)
  [389/827] LSCC... 20 quarters stored (back to 2021-10-02)
  [390/827] LULU... 20 quarters stored (back to 2021-10-31)
  [391/827] LUV... 20 quarters stored (back to 2021-09-30)
  [392/827] LVS... 20 quarters stored (back to 2021-09-30)
  [393/827] LW... 20 quarters stored (back to 2021-08-29)
  [394/827] LYB... 20 quarters stored (back to 2021-09-30)
  [395/827] LYV... 20 quarters stored (back to 2021-09-30)
  [396/827] MA... 20 quarters stored (back to 2021-09-30)
  [397/827] MAA... 20 quarters stored (back to 2021-09-30)
  [398/827] MANH... 20 quarters stored (back to 2021-09-30)
  [399/827] MAR... 20 quarters stored (back to 2021-09-30)
  [400/827] MAS... 20 quarters stored (back to 2021-09-30)
  [401/827] MCD... 20 quarters stored (back to 2021-09-30)
  [402/827] MCHP... 20 quarters stored (back to 2021-09-30)
  [403/827] MCK... 20 quarters stored (back to 2021-09-30)
  [404/827] MCO... 20 quarters stored (back to 2021-09-30)
  [405/827] MDLZ... 20 quarters stored (back to 2021-09-30)
  [406/827] MDT... 20 quarters stored (back to 2021-10-29)
  [407/827] MEDP... 20 quarters stored (back to 2021-09-30)
  [408/827] MELI... 20 quarters stored (back to 2021-09-30)
  [409/827] MET... 20 quarters stored (back to 2021-09-30)
  [410/827] META... 20 quarters stored (back to 2021-09-30)
  [411/827] MGM... 20 quarters stored (back to 2021-09-30)
  [412/827] MHK... 20 quarters stored (back to 2021-10-02)
  [413/827] MKC... 20 quarters stored (back to 2021-08-31)
  [414/827] MKSI... 20 quarters stored (back to 2021-09-30)
  [415/827] MKTX... 20 quarters stored (back to 2021-09-30)
  [416/827] MLI... 20 quarters stored (back to 2021-09-25)
  [417/827] MLM... 20 quarters stored (back to 2021-09-30)
  [418/827] MMM... 20 quarters stored (back to 2021-09-30)
  [419/827] MNST... 20 quarters stored (back to 2021-09-30)
  [420/827] MO... 20 quarters stored (back to 2021-09-30)
  [421/827] MOH... 20 quarters stored (back to 2021-09-30)
  [422/827] MOS... 20 quarters stored (back to 2021-09-30)
  [423/827] MP... 20 quarters stored (back to 2021-09-30)
  [424/827] MPC... 20 quarters stored (back to 2021-09-30)
  [425/827] MPWR... 20 quarters stored (back to 2021-09-30)
  [426/827] MRK... 20 quarters stored (back to 2021-09-30)
  [427/827] MRNA... 20 quarters stored (back to 2021-09-30)
  [428/827] MRVL... 20 quarters stored (back to 2021-10-30)
  [429/827] MS... 20 quarters stored (back to 2021-09-30)
  [430/827] MSCI... 20 quarters stored (back to 2021-09-30)
  [431/827] MSFT... 20 quarters stored (back to 2021-09-30)
  [432/827] MSI... 20 quarters stored (back to 2021-10-02)
  [433/827] MSTR... 20 quarters stored (back to 2021-09-30)
  [434/827] MTB... 20 quarters stored (back to 2021-09-30)
  [435/827] MTCH... 20 quarters stored (back to 2021-09-30)
  [436/827] MTD... 20 quarters stored (back to 2021-09-30)
  [437/827] MTSI... 20 quarters stored (back to 2021-09-30)
  [438/827] MTZ... 20 quarters stored (back to 2021-09-30)
  [439/827] MU... 20 quarters stored (back to 2021-09-02)
  [440/827] MUSA... 20 quarters stored (back to 2021-09-30)
  [441/827] NBIX... 20 quarters stored (back to 2021-09-30)
  [442/827] NCLH... 20 quarters stored (back to 2021-09-30)
  [443/827] NDAQ... 20 quarters stored (back to 2021-09-30)
  [444/827] NDSN... 20 quarters stored (back to 2021-10-31)
  [445/827] NEE... 20 quarters stored (back to 2021-09-30)
  [446/827] NEM... 20 quarters stored (back to 2021-09-30)
  [447/827] NFLX... 20 quarters stored (back to 2021-09-30)
  [448/827] NI... 20 quarters stored (back to 2021-09-30)
  [449/827] NKE... 20 quarters stored (back to 2021-08-31)
  [450/827] NLY... 20 quarters stored (back to 2021-09-30)
  [451/827] NNN... 20 quarters stored (back to 2021-09-30)
  [452/827] NOC... 20 quarters stored (back to 2021-09-30)
  [453/827] NOW... 20 quarters stored (back to 2021-09-30)
  [454/827] NRG... 20 quarters stored (back to 2021-09-30)
  [455/827] NSC... 20 quarters stored (back to 2021-09-30)
  [456/827] NTAP... 20 quarters stored (back to 2021-10-29)
  [457/827] NTNX... 20 quarters stored (back to 2021-10-31)
  [458/827] NTRS... 20 quarters stored (back to 2021-09-30)
  [459/827] NUE... 20 quarters stored (back to 2021-10-02)
  [460/827] NVDA... 20 quarters stored (back to 2021-10-31)
  [461/827] NVR... 20 quarters stored (back to 2021-09-30)
  [462/827] NVT... 20 quarters stored (back to 2021-09-30)
  [463/827] NWS... 20 quarters stored (back to 2021-09-30)
  [464/827] NWSA... 20 quarters stored (back to 2021-09-30)
  [465/827] NXPI... 20 quarters stored (back to 2021-10-03)
  [466/827] NXT... 20 quarters stored (back to 2021-10-01)
  [467/827] NYT... 20 quarters stored (back to 2021-09-26)
  [468/827] O... 20 quarters stored (back to 2021-09-30)
  [469/827] OC... 20 quarters stored (back to 2021-09-30)
  [470/827] ODFL... 20 quarters stored (back to 2021-09-30)
  [471/827] OGE... 20 quarters stored (back to 2021-09-30)
  [472/827] OHI... 20 quarters stored (back to 2021-09-30)
  [473/827] OKE... 20 quarters stored (back to 2021-09-30)
  [474/827] OKTA... 20 quarters stored (back to 2021-10-31)
  [475/827] OMC... 20 quarters stored (back to 2021-09-30)
  [476/827] ON... 20 quarters stored (back to 2021-10-01)
  [477/827] ONB... 20 quarters stored (back to 2021-09-30)
  [478/827] ONTO... 20 quarters stored (back to 2021-09-25)
  [479/827] ORCL... 20 quarters stored (back to 2021-08-31)
  [480/827] ORI... 20 quarters stored (back to 2021-09-30)
  [481/827] ORLY... 20 quarters stored (back to 2021-09-30)
  [482/827] OSK... 20 quarters stored (back to 2021-09-30)
  [483/827] OTIS... 20 quarters stored (back to 2021-09-30)
  [484/827] OVV... 20 quarters stored (back to 2021-09-30)
  [485/827] OXY... 20 quarters stored (back to 2021-09-30)
  [486/827] P... 20 quarters stored (back to 2021-10-31)
  [487/827] PAG... 20 quarters stored (back to 2021-09-30)
  [488/827] PANW... 20 quarters stored (back to 2021-10-31)
  [489/827] PAYC... 20 quarters stored (back to 2021-09-30)
  [490/827] PAYX... 20 quarters stored (back to 2021-08-31)
  [491/827] PB... 20 quarters stored (back to 2021-09-30)
  [492/827] PCAR... 20 quarters stored (back to 2021-09-30)
  [493/827] PCG... 20 quarters stored (back to 2021-09-30)
  [494/827] PDD... 20 quarters stored (back to 2021-09-30)
  [495/827] PEG... 20 quarters stored (back to 2021-09-30)
  [496/827] PEN... 20 quarters stored (back to 2021-09-30)
  [497/827] PEP... 20 quarters stored (back to 2021-09-04)
  [498/827] PFE... 20 quarters stored (back to 2021-10-03)
  [499/827] PFG... 20 quarters stored (back to 2021-09-30)
  [500/827] PFGC... 20 quarters stored (back to 2021-10-02)
  [501/827] PG... 20 quarters stored (back to 2021-09-30)
  [502/827] PGR... 20 quarters stored (back to 2021-09-30)
  [503/827] PH... 20 quarters stored (back to 2021-09-30)
  [504/827] PHM... 20 quarters stored (back to 2021-09-30)
  [505/827] PINS... 20 quarters stored (back to 2021-09-30)
  [506/827] PKG... 20 quarters stored (back to 2021-09-30)
  [507/827] PLD... 20 quarters stored (back to 2021-09-30)
  [508/827] PLTR... 20 quarters stored (back to 2021-09-30)
  [509/827] PM... 20 quarters stored (back to 2021-09-30)
  [510/827] PNC... 20 quarters stored (back to 2021-09-30)
  [511/827] PNFP... 20 quarters stored (back to 2021-09-30)
  [512/827] PNR... 20 quarters stored (back to 2021-09-30)
  [513/827] PNW... 20 quarters stored (back to 2021-09-30)
  [514/827] PODD... 20 quarters stored (back to 2021-09-30)
  [515/827] POOL... 20 quarters stored (back to 2021-09-30)
  [516/827] PPG... 20 quarters stored (back to 2021-09-30)
  [517/827] PPL... 20 quarters stored (back to 2021-09-30)
  [518/827] PR... 20 quarters stored (back to 2021-09-30)
  [519/827] PRI... 20 quarters stored (back to 2021-09-30)
  [520/827] PRU... 20 quarters stored (back to 2021-09-30)
  [521/827] PSA... 20 quarters stored (back to 2021-09-30)
  [522/827] PSX... 20 quarters stored (back to 2021-09-30)
  [523/827] PTC... 20 quarters stored (back to 2021-09-30)
  [524/827] PWR... 20 quarters stored (back to 2021-09-30)
  [525/827] PYPL... 20 quarters stored (back to 2021-09-30)
  [526/827] QCOM... 20 quarters stored (back to 2021-09-30)
  [527/827] R... 20 quarters stored (back to 2021-09-30)
  [528/827] RBA... 20 quarters stored (back to 2021-09-30)
  [529/827] RBC... 20 quarters stored (back to 2021-09-30)
  [530/827] RCL... 20 quarters stored (back to 2021-09-30)
  [531/827] REG... 20 quarters stored (back to 2021-09-30)
  [532/827] REGN... 20 quarters stored (back to 2021-09-30)
  [533/827] RF... 20 quarters stored (back to 2021-09-30)
  [534/827] RGA... 20 quarters stored (back to 2021-09-30)
  [535/827] RGLD... 20 quarters stored (back to 2021-09-30)
  [536/827] RJF... 20 quarters stored (back to 2021-09-30)
  [537/827] RL... 20 quarters stored (back to 2021-09-25)
  [538/827] RMBS... 20 quarters stored (back to 2021-09-30)
  [539/827] RMD... 20 quarters stored (back to 2021-09-30)
  [540/827] RNR... 20 quarters stored (back to 2021-09-30)
  [541/827] ROIV... 15 quarters stored (back to 2022-12-31)
  [542/827] ROK... 20 quarters stored (back to 2021-09-30)
  [543/827] ROKU... 20 quarters stored (back to 2021-09-30)
  [544/827] ROL... 20 quarters stored (back to 2021-09-30)
  [545/827] ROP... 20 quarters stored (back to 2021-09-30)
  [546/827] ROST... 20 quarters stored (back to 2021-10-30)
  [547/827] RPM... 20 quarters stored (back to 2021-08-31)
  [548/827] RRC... 20 quarters stored (back to 2021-09-30)
  [549/827] RRX... 20 quarters stored (back to 2021-10-02)
  [550/827] RS... 20 quarters stored (back to 2021-09-30)
  [551/827] RSG... 20 quarters stored (back to 2021-09-30)
  [552/827] RTX... 20 quarters stored (back to 2021-09-30)
  [553/827] RVTY... 20 quarters stored (back to 2021-09-30)
  [554/827] SAIA... 20 quarters stored (back to 2021-09-30)
  [555/827] SANM... 20 quarters stored (back to 2021-09-30)
  [556/827] SARO... 14 quarters stored (back to 2023-03-31)
  [557/827] SBAC... 20 quarters stored (back to 2021-09-30)
  [558/827] SBUX... 20 quarters stored (back to 2021-09-30)
  [559/827] SCHW... 20 quarters stored (back to 2021-09-30)
  [560/827] SCI... 20 quarters stored (back to 2021-09-30)
  [561/827] SEIC... 20 quarters stored (back to 2021-09-30)
  [562/827] SF... 20 quarters stored (back to 2021-09-30)
  [563/827] SGI... 20 quarters stored (back to 2014-09-26)
  [564/827] SHOP... 20 quarters stored (back to 2021-09-30)
  [565/827] SHW... 20 quarters stored (back to 2021-09-30)
  [566/827] SIRI... 20 quarters stored (back to 2021-09-30)
  [567/827] SITM... 20 quarters stored (back to 2021-09-30)
  [568/827] SJM... 20 quarters stored (back to 2021-10-31)
  [569/827] SLB... 20 quarters stored (back to 2021-09-30)
  [570/827] SMCI... 20 quarters stored (back to 2021-09-30)
  [571/827] SMTC... 20 quarters stored (back to 2021-10-31)
  [572/827] SN... 18 quarters stored (back to 2022-03-31)
  [573/827] SNA... 20 quarters stored (back to 2021-10-02)
  [574/827] SNPS... 20 quarters stored (back to 2021-10-31)
  [575/827] SNX... 20 quarters stored (back to 2021-08-31)
  [576/827] SO... 20 quarters stored (back to 2021-09-30)
  [577/827] SOLS... 12 quarters stored (back to 2021-12-31)
  [578/827] SOLV... 18 quarters stored (back to 2022-03-31)
  [579/827] SPG... 20 quarters stored (back to 2021-09-30)
  [580/827] SPGI... 20 quarters stored (back to 2021-09-30)
  [581/827] SPXC... 20 quarters stored (back to 2021-10-02)
  [582/827] SRE... 20 quarters stored (back to 2021-09-30)
  [583/827] SSB... 20 quarters stored (back to 2021-09-30)
  [584/827] STE... 20 quarters stored (back to 2021-09-30)
  [585/827] STLD... 20 quarters stored (back to 2021-09-30)
  [586/827] STRL... 20 quarters stored (back to 2021-09-30)
  [587/827] STT... 20 quarters stored (back to 2021-09-30)
  [588/827] STX... 20 quarters stored (back to 2021-10-01)
  [589/827] STZ... 20 quarters stored (back to 2021-08-31)
  [590/827] SW... 20 quarters stored (back to 2021-09-30)
  [591/827] SWK... 20 quarters stored (back to 2021-10-02)
  [592/827] SWKS... 20 quarters stored (back to 2021-10-01)
  [593/827] SYF... 20 quarters stored (back to 2021-09-30)
  [594/827] SYK... 20 quarters stored (back to 2021-09-30)
  [595/827] SYY... 20 quarters stored (back to 2021-10-02)
  [596/827] T... 20 quarters stored (back to 2021-09-30)
  [597/827] TAP... 20 quarters stored (back to 2021-09-30)
  [598/827] TDG... 20 quarters stored (back to 2021-09-30)
  [599/827] TDY... 20 quarters stored (back to 2021-10-03)
  [600/827] TEAM... 20 quarters stored (back to 2021-09-30)
  [601/827] TECH... 20 quarters stored (back to 2021-09-30)
  [602/827] TEL... 20 quarters stored (back to 2021-09-30)
  [603/827] TER... 20 quarters stored (back to 2021-10-03)
  [604/827] TFC... 20 quarters stored (back to 2021-09-30)
  [605/827] TGT... 20 quarters stored (back to 2021-10-30)
  [606/827] THC... 20 quarters stored (back to 2021-09-30)
  [607/827] TJX... 20 quarters stored (back to 2021-10-30)
  [608/827] TKO... 20 quarters stored (back to 2021-09-30)
  [609/827] TKR... 20 quarters stored (back to 2021-09-30)
  [610/827] TLN... 15 quarters stored (back to 2022-09-30)
  [611/827] TMO... 20 quarters stored (back to 2021-10-02)
  [612/827] TMUS... 20 quarters stored (back to 2021-09-30)
  [613/827] TOL... 20 quarters stored (back to 2021-10-31)
  [614/827] TPL... 20 quarters stored (back to 2021-09-30)
  [615/827] TPR... 20 quarters stored (back to 2021-10-02)
  [616/827] TRGP... 20 quarters stored (back to 2021-09-30)
  [617/827] TRMB... 20 quarters stored (back to 2021-10-01)
  [618/827] TROW... 20 quarters stored (back to 2021-09-30)
  [619/827] TRU... 20 quarters stored (back to 2021-09-30)
  [620/827] TRV... 20 quarters stored (back to 2021-09-30)
  [621/827] TSCO... 20 quarters stored (back to 2021-09-25)
  [622/827] TSLA... 20 quarters stored (back to 2021-09-30)
  [623/827] TSN... 20 quarters stored (back to 2021-09-30)
  [624/827] TT... 20 quarters stored (back to 2021-09-30)
  [625/827] TTC... 20 quarters stored (back to 2021-10-31)
  [626/827] TTD... 20 quarters stored (back to 2021-09-30)
  [627/827] TTMI... 20 quarters stored (back to 2021-09-27)
  [628/827] TTWO... 20 quarters stored (back to 2021-09-30)
  [629/827] TWLO... 20 quarters stored (back to 2021-09-30)
  [630/827] TXN... 20 quarters stored (back to 2021-09-30)
  [631/827] TXRH... 20 quarters stored (back to 2021-09-28)
  [632/827] TXT... 20 quarters stored (back to 2022-10-01)
  [633/827] TYL... 20 quarters stored (back to 2021-09-30)
  [634/827] UAL... 20 quarters stored (back to 2021-09-30)
  [635/827] UBER... 20 quarters stored (back to 2021-09-30)
  [636/827] UDR... 20 quarters stored (back to 2021-09-30)
  [637/827] UHS... 20 quarters stored (back to 2021-09-30)
  [638/827] ULS... 18 quarters stored (back to 2022-03-31)
  [639/827] ULTA... 20 quarters stored (back to 2021-10-30)
  [640/827] UMBF... 20 quarters stored (back to 2021-09-30)
  [641/827] UNH... 20 quarters stored (back to 2021-09-30)
  [642/827] UNM... 20 quarters stored (back to 2021-09-30)
  [643/827] UNP... 20 quarters stored (back to 2021-09-30)
  [644/827] UPS... 20 quarters stored (back to 2021-09-30)
  [645/827] URI... 20 quarters stored (back to 2021-09-30)
  [646/827] USB... 20 quarters stored (back to 2021-09-30)
  [647/827] USFD... 20 quarters stored (back to 2021-10-02)
  [648/827] UTHR... 20 quarters stored (back to 2021-09-30)
  [649/827] V... 20 quarters stored (back to 2021-09-30)
  [650/827] VIAV... 20 quarters stored (back to 2021-10-02)
  [651/827] VICI... 20 quarters stored (back to 2021-09-30)
  [652/827] VICR... 20 quarters stored (back to 2021-09-30)
  [653/827] VLO... 20 quarters stored (back to 2021-09-30)
  [654/827] VLTO... 18 quarters stored (back to 2022-04-30)
  [655/827] VMC... 20 quarters stored (back to 2021-09-30)
  [656/827] VMI... 20 quarters stored (back to 2021-09-25)
  [657/827] VOYA... 20 quarters stored (back to 2021-09-30)
  [658/827] VRSK... 20 quarters stored (back to 2021-09-30)
  [659/827] VRSN... 20 quarters stored (back to 2021-09-30)
  [660/827] VRTX... 20 quarters stored (back to 2021-09-30)
  [661/827] VST... 20 quarters stored (back to 2021-09-30)
  [662/827] VTR... 20 quarters stored (back to 2021-09-30)
  [663/827] VTRS... 20 quarters stored (back to 2021-09-30)
  [664/827] VZ... 20 quarters stored (back to 2021-09-30)
  [665/827] WAB... 20 quarters stored (back to 2021-09-30)
  [666/827] WAL... 20 quarters stored (back to 2021-09-30)
  [667/827] WAT... 20 quarters stored (back to 2021-10-02)
  [668/827] WBD... 20 quarters stored (back to 2021-09-30)
  [669/827] WBS... 20 quarters stored (back to 2021-09-30)
  [670/827] WCC... 20 quarters stored (back to 2021-09-30)
  [671/827] WDAY... 20 quarters stored (back to 2021-10-31)
  [672/827] WDC... 20 quarters stored (back to 2021-10-01)
  [673/827] WEC... 20 quarters stored (back to 2021-09-30)
  [674/827] WELL... 20 quarters stored (back to 2021-09-30)
  [675/827] WFC... 20 quarters stored (back to 2021-09-30)
  [676/827] WLK... 20 quarters stored (back to 2021-09-30)
  [677/827] WM... 20 quarters stored (back to 2021-09-30)
  [678/827] WMB... 20 quarters stored (back to 2021-09-30)
  [679/827] WMG... 20 quarters stored (back to 2021-09-30)
  [680/827] WMS... 20 quarters stored (back to 2021-09-30)
  [681/827] WMT... 20 quarters stored (back to 2021-10-31)
  [682/827] WPC... 20 quarters stored (back to 2021-09-30)
  [683/827] WRB... 20 quarters stored (back to 2021-09-30)
  [684/827] WSM... 20 quarters stored (back to 2021-10-31)
  [685/827] WSO... 20 quarters stored (back to 2021-09-30)
  [686/827] WST... 20 quarters stored (back to 2021-09-30)
  [687/827] WTFC... 20 quarters stored (back to 2021-09-30)
  [688/827] WTRG... 20 quarters stored (back to 2021-09-30)
  [689/827] WTS... 20 quarters stored (back to 2021-09-26)
  [690/827] WTW... 20 quarters stored (back to 2021-09-30)
  [691/827] WWD... 20 quarters stored (back to 2021-09-30)
  [692/827] WY... 20 quarters stored (back to 2021-09-30)
  [693/827] WYNN... 20 quarters stored (back to 2021-09-30)
  [694/827] XEL... 20 quarters stored (back to 2021-09-30)
  [695/827] XOM... 20 quarters stored (back to 2021-09-30)
  [696/827] XPO... 20 quarters stored (back to 2021-09-30)
  [697/827] XYL... 20 quarters stored (back to 2021-09-30)
  [698/827] YUM... 20 quarters stored (back to 2021-09-30)
  [699/827] ZBH... 20 quarters stored (back to 2021-09-30)
  [700/827] ZBRA... 20 quarters stored (back to 2021-10-02)
  [701/827] ZION... 20 quarters stored (back to 2021-09-30)
  [702/827] ZS... 20 quarters stored (back to 2021-10-31)
  [703/827] ZTS... 20 quarters stored (back to 2021-09-30)
  [704/827] ACI... 20 quarters stored (back to 2021-09-11)
  [705/827] AFRM... 20 quarters stored (back to 2021-09-30)
  [706/827] AGCO... 20 quarters stored (back to 2021-09-30)
  [707/827] AN... 20 quarters stored (back to 2021-09-30)
  [708/827] APPF... 20 quarters stored (back to 2021-09-30)
  [709/827] ASB... 20 quarters stored (back to 2021-09-30)
  [710/827] ASTS... 20 quarters stored (back to 2021-09-30)
  [711/827] ATR... 20 quarters stored (back to 2021-09-30)
  [712/827] AVAV... 20 quarters stored (back to 2021-07-31)
  [713/827] AVT... 20 quarters stored (back to 2021-10-02)
  [714/827] AVTR... 20 quarters stored (back to 2021-09-30)
  [715/827] AXTA... 20 quarters stored (back to 2021-09-30)
  [716/827] BAH... 20 quarters stored (back to 2021-09-30)
  [717/827] BBIO... 20 quarters stored (back to 2021-09-30)
  [718/827] BIO... 20 quarters stored (back to 2021-09-30)
  [719/827] BKH... 20 quarters stored (back to 2021-09-30)
  [720/827] BYD... 20 quarters stored (back to 2021-09-30)
  [721/827] CASY... 20 quarters stored (back to 2021-07-31)
  [722/827] CELH... 20 quarters stored (back to 2021-09-30)
  [723/827] CHDN... 20 quarters stored (back to 2021-09-30)
  [724/827] CHE... 20 quarters stored (back to 2021-09-30)
  [725/827] CHRD... 20 quarters stored (back to 2021-09-30)
  [726/827] CMC... 20 quarters stored (back to 2021-08-31)
  [727/827] CRDO... 20 quarters stored (back to 2021-10-31)
  [728/827] CROX... 20 quarters stored (back to 2021-09-30)
  [729/827] CRUS... 20 quarters stored (back to 2021-09-25)
  [730/827] CVLT... 20 quarters stored (back to 2021-09-30)
  [731/827] DBX... 20 quarters stored (back to 2021-09-30)
  [732/827] DKNG... 20 quarters stored (back to 2021-09-30)
  [733/827] DUOL... 20 quarters stored (back to 2021-09-30)
  [734/827] ENS... 20 quarters stored (back to 2021-10-03)
  [735/827] ESAB... 20 quarters stored (back to 2021-09-30)
  [736/827] ESNT... 20 quarters stored (back to 2021-09-30)
  [737/827] EXP... 20 quarters stored (back to 2021-09-30)
  [738/827] FAF... 20 quarters stored (back to 2021-09-30)
  [739/827] FBIN... 20 quarters stored (back to 2021-09-30)
  [740/827] FLEX... 20 quarters stored (back to 2021-10-01)
  [741/827] FLG... 20 quarters stored (back to 2021-09-30)
  [742/827] FLR... 20 quarters stored (back to 2021-09-30)
  [743/827] FNB... 20 quarters stored (back to 2021-09-30)
  [744/827] FND... 20 quarters stored (back to 2021-09-30)
  [745/827] FTAI... 20 quarters stored (back to 2021-09-30)
  [746/827] FWONK... 20 quarters stored (back to 2021-09-30)
  [747/827] GAP... 20 quarters stored (back to 2021-10-30)
  [748/827] GATX... 20 quarters stored (back to 2021-09-30)
  [749/827] GBCI... 20 quarters stored (back to 2021-09-30)
  [750/827] GH... 20 quarters stored (back to 2021-09-30)
  [751/827] GXO... 20 quarters stored (back to 2021-09-30)
  [752/827] HIMS... 20 quarters stored (back to 2021-09-30)
  [753/827] HOMB... 20 quarters stored (back to 2021-09-30)
  [754/827] HQY... 20 quarters stored (back to 2021-10-31)
  [755/827] HR... 20 quarters stored (back to 2021-09-30)
  [756/827] HWC... 20 quarters stored (back to 2021-09-30)
  [757/827] HXL... 20 quarters stored (back to 2021-09-30)
  [758/827] IDCC... 20 quarters stored (back to 2021-09-30)
  [759/827] INGR... 20 quarters stored (back to 2021-09-30)
  [760/827] IONS... 20 quarters stored (back to 2021-09-30)
  [761/827] IREN... 20 quarters stored (back to 2021-09-30)
  [762/827] KEX... 20 quarters stored (back to 2021-09-30)
  [763/827] KNSL... 20 quarters stored (back to 2021-09-30)
  [764/827] KRG... 20 quarters stored (back to 2021-09-30)
  [765/827] LAD... 20 quarters stored (back to 2021-09-30)
  [766/827] LEA... 20 quarters stored (back to 2021-10-02)
  [767/827] LLYVK... 14 quarters stored (back to 2021-12-31)
  [768/827] LNTH... 20 quarters stored (back to 2021-09-30)
  [769/827] LSTR... 20 quarters stored (back to 2021-09-25)
  [770/827] M... 20 quarters stored (back to 2021-07-31)
  [771/827] MDB... 20 quarters stored (back to 2021-10-31)
  [772/827] MDGL... 20 quarters stored (back to 2021-09-30)
  [773/827] MDLN... 8 quarters stored (back to 2024-06-30)
  [774/827] MIDD... 20 quarters stored (back to 2021-10-02)
  [775/827] MORN... 20 quarters stored (back to 2021-09-30)
  [776/827] MSA... 20 quarters stored (back to 2021-09-30)
  [777/827] MSM... 20 quarters stored (back to 2021-08-31)
  [778/827] MTDR... 20 quarters stored (back to 2021-09-30)
  [779/827] MTG... 20 quarters stored (back to 2021-09-30)
  [780/827] NEU... 20 quarters stored (back to 2021-09-30)
  [781/827] NFG... 20 quarters stored (back to 2021-09-30)
  [782/827] NJR... 20 quarters stored (back to 2021-09-30)
  [783/827] NOV... 20 quarters stored (back to 2021-09-30)
  [784/827] NOVT... 20 quarters stored (back to 2021-10-01)
  [785/827] NTRA... 20 quarters stored (back to 2021-09-30)
  [786/827] ORA... 20 quarters stored (back to 2021-09-30)
  [787/827] PATH... 20 quarters stored (back to 2021-10-31)
  [788/827] PBF... 20 quarters stored (back to 2021-09-30)
  [789/827] PCTY... 20 quarters stored (back to 2021-09-30)
  [790/827] POR... 20 quarters stored (back to 2021-09-30)
  [791/827] PPC... 20 quarters stored (back to 2021-09-26)
  [792/827] PSKY... 10 quarters stored (back to 2024-03-31)
  [793/827] PSN... 20 quarters stored (back to 2021-09-30)
  [794/827] REXR... 20 quarters stored (back to 2021-09-30)
  [795/827] RGEN... 20 quarters stored (back to 2021-09-30)
  [796/827] RIVN... 20 quarters stored (back to 2021-09-30)
  [797/827] RLI... 20 quarters stored (back to 2021-09-30)
  [798/827] RPRX... 20 quarters stored (back to 2021-09-30)
  [799/827] RVMD... 20 quarters stored (back to 2021-09-30)
  [800/827] RYN... 20 quarters stored (back to 2021-09-30)
  [801/827] SFM... 20 quarters stored (back to 2021-10-03)
  [802/827] SIGI... 20 quarters stored (back to 2021-09-30)
  [803/827] SLAB... 20 quarters stored (back to 2021-10-02)
  [804/827] SMMT... 20 quarters stored (back to 2021-09-30)
  [805/827] SON... 20 quarters stored (back to 2021-10-03)
  [806/827] SSD... 20 quarters stored (back to 2021-09-30)
  [807/827] SSNC... 20 quarters stored (back to 2021-09-30)
  [808/827] ST... 20 quarters stored (back to 2021-09-30)
  [809/827] STAG... 20 quarters stored (back to 2021-09-30)
  [810/827] STWD... 20 quarters stored (back to 2021-09-30)
  [811/827] SWX... 20 quarters stored (back to 2021-09-30)
  [812/827] SYM... 20 quarters stored (back to 2021-09-30)
  [813/827] TEM... 20 quarters stored (back to 2021-03-31)
  [814/827] TEX... 20 quarters stored (back to 2021-09-30)
  [815/827] THG... 20 quarters stored (back to 2021-09-30)
  [816/827] TTEK... 20 quarters stored (back to 2021-09-30)
  [817/827] TXNM... 15 quarters stored (back to 2022-12-31)
  [818/827] UBSI... 20 quarters stored (back to 2021-09-30)
  [819/827] UGI... 20 quarters stored (back to 2021-09-30)
  [820/827] VFC... 20 quarters stored (back to 2021-10-02)
  [821/827] VLY... 20 quarters stored (back to 2021-09-30)
  [822/827] VNO... 20 quarters stored (back to 2021-09-30)
  [823/827] VNOM... 20 quarters stored (back to 2021-09-30)
  [824/827] WFRD... 20 quarters stored (back to 2021-09-30)
  [825/827] WH... 20 quarters stored (back to 2021-09-30)
  [826/827] Z... 20 quarters stored (back to 2021-09-30)
  [827/827] ZM... 20 quarters stored (back to 2021-10-31)

FMP historical fetch complete: 7036 rows stored, 0 errors.
RESULT {'stored': 7036, 'errors': 0}
